../Core/Src/main.c:156:5:main	48	static
../Core/Src/main.c:226:6:SystemClock_Config	88	static
../Core/Src/main.c:273:13:MX_ADC1_Init	24	static
../Core/Src/main.c:325:13:MX_I2C1_Init	8	static
../Core/Src/main.c:359:13:MX_TIM1_Init	32	static
../Core/Src/main.c:405:13:MX_TIM3_Init	32	static
../Core/Src/main.c:450:13:MX_USART2_UART_Init	8	static
../Core/Src/main.c:483:13:MX_GPIO_Init	48	static
../Core/Src/main.c:548:6:print_to_oled	112	static
../Core/Src/main.c:571:6:calc_dac_values	32	static
../Core/Src/main.c:584:6:calc_sin_steps	24	static
../Core/Src/main.c:617:6:dac_out	16	static
../Core/Src/main.c:630:6:prescale_timer	24	static,ignoring_inline_asm
../Core/Src/main.c:640:6:sinefunc	8	static
../Core/Src/main.c:649:6:HAL_GPIO_EXTI_Callback	16	static
../Core/Src/main.c:671:6:HAL_TIM_PeriodElapsedCallback	16	static
../Core/Src/main.c:686:6:Error_Handler	4	static,ignoring_inline_asm
